#name "simple.cl"
#3 CLASS
#3 TYPEID Main
#3 INHERITS
#3 TYPEID IO
#3 '{'
#4 OBJECTID x
#4 ':'
#4 TYPEID Int
#4 ASSIGN
#4 INT_CONST 0
#4 ';'
#5 OBJECTID main
#5 '('
#5 ')'
#5 ':'
#5 TYPEID Int
#5 '{'
#6 '{'
#7 OBJECTID x
#7 '='
#7 OBJECTID x
#7 '+'
#7 INT_CONST 1
#7 ';'
#8 OBJECTID x
#8 ';'
#9 '}'
#10 '}'
#10 ';'
#11 '}'
#11 ';'
